apiVersion: apps/v1
kind: Deployment
metadata:
  labels:
    app: ml-pipeline-ui
    app.kubernetes.io/component: pipelines-ui
    app.kubernetes.io/instance: pipelines-ui-0.2.0
    app.kubernetes.io/managed-by: kfctl
    app.kubernetes.io/name: pipelines-ui
    app.kubernetes.io/part-of: kubeflow
    app.kubernetes.io/version: 0.2.0
  name: ml-pipeline-ui
  namespace: kubeflow
spec:
  selector:
    matchLabels:
      app: ml-pipeline-ui
      app.kubernetes.io/component: pipelines-ui
      app.kubernetes.io/instance: pipelines-ui-0.2.0
      app.kubernetes.io/managed-by: kfctl
      app.kubernetes.io/name: pipelines-ui
      app.kubernetes.io/part-of: kubeflow
      app.kubernetes.io/version: 0.2.0
  template:
    metadata:
      annotations:
        sidecar.istio.io/inject: "false"
      labels:
        app: ml-pipeline-ui
        app.kubernetes.io/component: pipelines-ui
        app.kubernetes.io/instance: pipelines-ui-0.2.0
        app.kubernetes.io/managed-by: kfctl
        app.kubernetes.io/name: pipelines-ui
        app.kubernetes.io/part-of: kubeflow
        app.kubernetes.io/version: 0.2.0
    spec:
      containers:
      - env:
        - name: GOOGLE_APPLICATION_CREDENTIALS
          value: /etc/credentials/user-gcp-sa.json
        - name: VIEWER_TENSORBOARD_POD_TEMPLATE_SPEC_PATH
          value: /etc/config/viewer-pod-template.json
        - name: DEPLOYMENT
          value: KUBEFLOW
        - name: ARTIFACTS_SERVICE_PROXY_NAME
          value: ml-pipeline-ui-artifact
        - name: ARTIFACTS_SERVICE_PROXY_PORT
          value: "80"
        - name: ARTIFACTS_SERVICE_PROXY_ENABLED
          value: "true"
        - name: ENABLE_AUTHZ
          value: "true"
        - name: ALLOW_CUSTOM_VISUALIZATIONS
          value: "true"
        image: gcr.io/gongyuan-pipeline-test/dev/frontend@sha256:ee2fb833105b10ff866b78169b6c56884cafdcf8bc57d684ad2fc7cda757afb6
        imagePullPolicy: IfNotPresent
        name: ml-pipeline-ui
        ports:
        - containerPort: 3000
        volumeMounts:
        - mountPath: /etc/credentials
          name: gcp-sa-token
          readOnly: true
        - mountPath: /etc/config
          name: config-volume
          readOnly: true
      serviceAccountName: ml-pipeline-ui
      volumes:
      - name: gcp-sa-token
        secret:
          secretName: user-gcp-sa
      - configMap:
          name: ml-pipeline-ui-configmap
        name: config-volume
