apiVersion: v1
data:
  cache_db: cachedb
  host: mysql
  mlmd_db: metadb
  pipeline_db: mlpipeline
  port: "3306"
kind: ConfigMap
metadata:
  labels:
    app: mysql
    app.kubernetes.io/component: mysql
    app.kubernetes.io/name: mysql
  name: mysql-configmap
  namespace: kubeflow
