apiVersion: apps/v1
kind: Deployment
metadata:
  labels:
    app: ml-pipeline
    app.kubernetes.io/component: api-service
    app.kubernetes.io/instance: api-service-0.2.0
    app.kubernetes.io/managed-by: kfctl
    app.kubernetes.io/name: api-service
    app.kubernetes.io/part-of: kubeflow
    app.kubernetes.io/version: 0.2.0
  name: ml-pipeline
  namespace: kubeflow
spec:
  selector:
    matchLabels:
      app: ml-pipeline
      app.kubernetes.io/component: api-service
      app.kubernetes.io/instance: api-service-0.2.0
      app.kubernetes.io/managed-by: kfctl
      app.kubernetes.io/name: api-service
      app.kubernetes.io/part-of: kubeflow
      app.kubernetes.io/version: 0.2.0
  template:
    metadata:
      annotations:
        sidecar.istio.io/inject: "false"
      labels:
        app: ml-pipeline
        app.kubernetes.io/component: api-service
        app.kubernetes.io/instance: api-service-0.2.0
        app.kubernetes.io/managed-by: kfctl
        app.kubernetes.io/name: api-service
        app.kubernetes.io/part-of: kubeflow
        app.kubernetes.io/version: 0.2.0
    spec:
      containers:
      - command:
        - apiserver
        - --config=/etc/ml-pipeline-config
        - --sampleconfig=/config/sample_config.json
        - -logtostderr=true
        env:
        - name: POD_NAMESPACE
          valueFrom:
            fieldRef:
              fieldPath: metadata.namespace
        image: gcr.io/ml-pipeline-test/52e0605553c46c557fe18619adf93fb273f00b87/api-server@sha256:d6f652827925991cfacc708974d5f4fd37b73471a3b599c9dd5c2fed080e4cbb
        imagePullPolicy: IfNotPresent
        name: ml-pipeline-api-server
        ports:
        - containerPort: 8888
        - containerPort: 8887
        volumeMounts:
        - mountPath: /etc/ml-pipeline-config
          name: config-volume
      serviceAccountName: ml-pipeline
      volumes:
      - configMap:
          name: ml-pipeline-config
        name: config-volume
