apiVersion: v1
data:
  config.json: |
    {
      "DBConfig": {
        "DriverName": "mysql",
        "DataSourceName": "",
        "DBName": "mlpipeline",
        "GroupConcatMaxLen": "4194304"
      },
      "ObjectStoreConfig": {
        "AccessKey": "minio",
        "SecretAccessKey": "minio123",
        "BucketName": "mlpipeline",
        "PipelinePath": "pipelines",
        "Secure": false
      },
      "InitConnectionTimeout": "6m",
      "DefaultPipelineRunnerServiceAccount": "pipeline-runner",
      "VisualizationService":{
        "Name": "ml-pipeline-visualizationserver",
        "Port": 8888
      }
    }
kind: ConfigMap
metadata:
  labels:
    app: ml-pipeline
    app.kubernetes.io/component: api-service
    app.kubernetes.io/instance: api-service-0.2.0
    app.kubernetes.io/managed-by: kfctl
    app.kubernetes.io/name: api-service
    app.kubernetes.io/part-of: kubeflow
    app.kubernetes.io/version: 0.2.0
  name: ml-pipeline-config
  namespace: kubeflow
