apiVersion: apps/v1
kind: Deployment
metadata:
  labels:
    app: cache-server
  name: cache-server
  namespace: kubeflow
spec:
  replicas: 1
  selector:
    matchLabels:
      app: cache-server
  template:
    metadata:
      labels:
        app: cache-server
    spec:
      containers:
      - args:
        - --db_driver=$(DBCONFIG_DRIVER)
        - --db_host=$(DBCONFIG_HOST_NAME)
        - --db_port=$(DBCONFIG_PORT)
        - --db_name=$(DBCONFIG_DB_NAME)
        - --db_user=$(DBCONFIG_USER)
        - --db_password=$(DBCONFIG_PASSWORD)
        - --namespace_to_watch=$(NAMESPACE_TO_WATCH)
        env:
        - name: DBCONFIG_DRIVER
          value: mysql
        - name: DBCONFIG_DB_NAME
          valueFrom:
            configMapKeyRef:
              key: cache_db
              name: mysql-configmap
        - name: DBCONFIG_HOST_NAME
          valueFrom:
            configMapKeyRef:
              key: host
              name: mysql-configmap
        - name: DBCONFIG_PORT
          valueFrom:
            configMapKeyRef:
              key: port
              name: mysql-configmap
        - name: DBCONFIG_USER
          valueFrom:
            secretKeyRef:
              key: username
              name: mysql-secret-fd5gktm75t
        - name: DBCONFIG_PASSWORD
          valueFrom:
            secretKeyRef:
              key: password
              name: mysql-secret-fd5gktm75t
        - name: NAMESPACE_TO_WATCH
          valueFrom:
            fieldRef:
              fieldPath: metadata.namespace
        image: gcr.io/ml-pipeline/cache-server:1.0.0-rc.1
        imagePullPolicy: Always
        name: server
        ports:
        - containerPort: 8443
          name: webhook-api
        volumeMounts:
        - mountPath: /etc/webhook/certs
          name: webhook-tls-certs
          readOnly: true
      serviceAccountName: kubeflow-pipelines-cache
      volumes:
      - name: webhook-tls-certs
        secret:
          secretName: webhook-server-tls
