apiVersion: rbac.authorization.k8s.io/v1
kind: ClusterRole
metadata:
  labels:
    app.kubernetes.io/component: argo
    app.kubernetes.io/instance: argo-v2.3.0
    app.kubernetes.io/managed-by: kfctl
    app.kubernetes.io/name: argo
    app.kubernetes.io/part-of: kubeflow
    app.kubernetes.io/version: v2.3.0
    kustomize.component: argo
    rbac.authorization.kubeflow.org/aggregate-to-kubeflow-edit: "true"
    rbac.authorization.kubeflow.org/aggregate-to-kubeflow-workflow-admin: "true"
  name: kubeflow-workflow-edit
rules:
- apiGroups:
  - argoproj.io
  resources:
  - workflows
  verbs:
  - get
  - list
  - watch
  - create
  - delete
  - deletecollection
  - patch
  - update
