apiVersion: apps/v1
kind: Deployment
metadata:
  labels:
    app: ml-pipeline-viewer-crd
    app.kubernetes.io/component: pipelines-viewer
    app.kubernetes.io/instance: pipelines-viewer-0.2.0
    app.kubernetes.io/managed-by: kfctl
    app.kubernetes.io/name: pipelines-viewer
    app.kubernetes.io/part-of: kubeflow
    app.kubernetes.io/version: 0.2.0
  name: ml-pipeline-viewer-controller-deployment
  namespace: kubeflow
spec:
  selector:
    matchLabels:
      app: ml-pipeline-viewer-crd
      app.kubernetes.io/component: pipelines-viewer
      app.kubernetes.io/instance: pipelines-viewer-0.2.0
      app.kubernetes.io/managed-by: kfctl
      app.kubernetes.io/name: pipelines-viewer
      app.kubernetes.io/part-of: kubeflow
      app.kubernetes.io/version: 0.2.0
  template:
    metadata:
      annotations:
        sidecar.istio.io/inject: "false"
      labels:
        app: ml-pipeline-viewer-crd
        app.kubernetes.io/component: pipelines-viewer
        app.kubernetes.io/instance: pipelines-viewer-0.2.0
        app.kubernetes.io/managed-by: kfctl
        app.kubernetes.io/name: pipelines-viewer
        app.kubernetes.io/part-of: kubeflow
        app.kubernetes.io/version: 0.2.0
    spec:
      containers:
      - env:
        - name: NAMESPACE
          value: ""
        image: gcr.io/ml-pipeline-test/58186e4be9d2a7a99ab154950383b6f8a452cebd/viewer-crd-controller@sha256:c7ec231f861d7a7c6357bbfabf2e4acb8f5bacb4226c93bb75ed4153f292c59e
        imagePullPolicy: Always
        name: ml-pipeline-viewer-controller
      serviceAccountName: ml-pipeline-viewer-crd-service-account
